A51 MACRO ASSEMBLER  LAB_2_2_SE_NRO_E_ZERO_O_PROGRAMA_ENCERRA                             04/03/2017 15:55:05 PAGE     1


MACRO ASSEMBLER A51 V8.2.5.0
OBJECT MODULE PLACED IN .\Objects\LAB 2.2_SE_NRO_E_ZERO_O_PROGRAMA_ENCERRA.obj
ASSEMBLER INVOKED BY: C:\Keil_v5\C51\BIN\A51.EXE LAB 2.2_SE_NRO_E_ZERO_O_PROGRAMA_ENCERRA.asm SET(SMALL) DEBUG PRINT(.\L
                      istings\LAB 2.2_SE_NRO_E_ZERO_O_PROGRAMA_ENCERRA.lst) OBJECT(.\Objects\LAB 2.2_SE_NRO_E_ZERO_O_PROGRAMA_ENCERRA.obj) EP

LOC  OBJ            LINE     SOURCE

                       1     ;Programa ADDVECT.asm

  0000                 2     RESET                   EQU 0H

  0060                 3     VETOR                   EQU 60H

0000                   4                                     ORG RESET ; PC = 0000H ao se resetar o 8051

0000 900060            5                                     MOV DPTR,#NRO ; endereco nro parcelas a ser somado

0003 7400              6                                     MOV A,#0

0005 93                7                                     MOVC A,@A+DPTR

0006 600F              8                                     JZ FIM

0008 F9                9                                     MOV R1,A ; R1 = nro parcelas a ser somado

0009 900061           10                                     MOV DPTR,#DADOS ; end. vetor de dados a ser somado

000C 7A00             11                                     MOV R2,#0 ; guarda resultado das somas realizadas

000E 7800             12                                     MOV R0,#0 ; especifica parcela a ser lida do vetor de dados

0010 E8               13     VOLTA:                  MOV A,R0

0011 93               14                                     MOVC A,@A+DPTR ; le parcela

0012 2A               15                                     ADD A,R2

0013 FA               16                                     MOV R2,A

0014 08               17                                     INC R0

0015 D9F9             18                                     DJNZ R1,VOLTA

0017 80FE             19     FIM:                    JMP FIM

0060                  20     ORG VETOR

0060 00               21     NRO:             DB 00H

0061 01030506         22     DADOS:           DB 01H,03H,05H,06H,0AH,0E2H

0065 0AE2                    
                      23     END

A51 MACRO ASSEMBLER  LAB_2_2_SE_NRO_E_ZERO_O_PROGRAMA_ENCERRA                             04/03/2017 15:55:05 PAGE     2

SYMBOL TABLE LISTING
------ ----- -------


N A M E             T Y P E  V A L U E   ATTRIBUTES

DADOS. . . . . . .  C ADDR   0061H   A   
FIM. . . . . . . .  C ADDR   0017H   A   
NRO. . . . . . . .  C ADDR   0060H   A   
RESET. . . . . . .  N NUMB   0000H   A   
VETOR. . . . . . .  N NUMB   0060H   A   
VOLTA. . . . . . .  C ADDR   0010H   A   


REGISTER BANK(S) USED: 0 


ASSEMBLY COMPLETE.  0 WARNING(S), 0 ERROR(S)
