<html>
<body>
<pre>
<h1>µVision Build Log</h1>
<h2>Tool Versions:</h2>
IDE-Version: µVision V5.18.0.0
Copyright (C) 2016 ARM Ltd and ARM Germany GmbH. All rights reserved.
License Information: j Microsoft, Microsoft, LIC=----
 
Tool Versions:
Toolchain:       MDK-Lite  Version: 5.18
Toolchain Path:  C:\Keil_v5\ARM\ARMCC\Bin
C Compiler:      Armcc.exe V5.06 update 1 (build 61)
Assembler:       Armasm.exe V5.06 update 1 (build 61)
Linker/Locator:  ArmLink.exe V5.06 update 1 (build 61)
Library Manager: ArmAr.exe V5.06 update 1 (build 61)
Hex Converter:   FromElf.exe V5.06 update 1 (build 61)
CPU DLL:         SARMCM3.DLL V5.18
Dialog DLL:      DCM.DLL V1.13.6.0
Target DLL:      STLink\ST-LINKIII-KEIL_SWO.dll V2.0.18.0
Dialog DLL:      TCM.DLL V1.14.8.0
 
<h2>Project:</h2>
G:\Microprocessadores\ARM Projects\aula9armADC_DMA_USB\MDK-ARM\aula9armADC_DMA_USB.uvprojx
Project File Date:  07/05/2017

<h2>Output:</h2>
*** Using Compiler 'V5.06 update 1 (build 61)', folder: 'C:\Keil_v5\ARM\ARMCC\Bin'
Rebuild target 'aula9armADC_DMA_USB'
compiling system_stm32f4xx.c...
compiling stm32f4xx_it.c...
compiling stm32f4xx_hal_msp.c...
compiling usbd_desc.c...
compiling usbd_cdc_if.c...
compiling usb_device.c...
compiling main.c...
compiling usbd_conf.c...
compiling usbd_core.c...
compiling usbd_cdc.c...
assembling startup_stm32f429xx.s...
compiling usbd_ctlreq.c...
compiling usbd_ioreq.c...
compiling stm32f4xx_hal_tim.c...
compiling stm32f4xx_hal_rcc_ex.c...
compiling stm32f4xx_hal_adc_ex.c...
compiling stm32f4xx_hal_pcd.c...
compiling stm32f4xx_hal_dma.c...
compiling stm32f4xx_hal_dma_ex.c...
compiling stm32f4xx_hal_adc.c...
compiling stm32f4xx_hal_pwr.c...
compiling stm32f4xx_ll_usb.c...
compiling stm32f4xx_hal_flash.c...
compiling stm32f4xx_hal_cortex.c...
compiling stm32f4xx_hal_flash_ex.c...
compiling stm32f4xx_hal_pcd_ex.c...
compiling stm32f4xx_hal.c...
compiling stm32f4xx_hal_tim_ex.c...
compiling stm32f4xx_hal_pwr_ex.c...
compiling stm32f4xx_hal_flash_ramfunc.c...
compiling stm32f4xx_hal_rcc.c...
compiling stm32f4xx_hal_gpio.c...
linking...
Program Size: Code=14528 RO-data=484 RW-data=412 ZI-data=4396  
"aula9armADC_DMA_USB\aula9armADC_DMA_USB.axf" - 0 Error(s), 0 Warning(s).

<h2>Software Packages used:</h2>

Package Vendor: ARM
                http://www.keil.com/pack/ARM.CMSIS.4.5.0.pack
                ARM::CMSIS:CORE:4.3.0
                CMSIS (Cortex Microcontroller Software Interface Standard)
   * Component: CORE Version: 4.3.0

<h2>Collection of Component include folders:</h2>
  G:\Microprocessadores\ARM Projects\aula9armADC_DMA_USB\MDK-ARM\RTE
  C:\Keil_v5\ARM\PACK\ARM\CMSIS\4.5.0\CMSIS\Include
  C:\Keil_v5\ARM\PACK\Keil\STM32F4xx_DFP\2.7.0\Drivers\CMSIS\Device\ST\STM32F4xx\Include

<h2>Collection of Component Files used:</h2>

   * Component: ARM::CMSIS:CORE:4.3.0
Build Time Elapsed:  00:08:29
</pre>
</body>
</html>
