A51 MACRO ASSEMBLER  PROVA_DO_MOODLE                                                      04/19/2017 14:27:15 PAGE     1


MACRO ASSEMBLER A51 V8.2.5.0
OBJECT MODULE PLACED IN .\Objects\PROVA DO MOODLE.obj
ASSEMBLER INVOKED BY: C:\Keil_v5\C51\BIN\A51.EXE PROVA DO MOODLE.asm SET(SMALL) DEBUG PRINT(.\Listings\PROVA DO MOODLE.l
                      st) OBJECT(.\Objects\PROVA DO MOODLE.obj) EP

LOC  OBJ            LINE     SOURCE

                       1     ;Fazer um programa que atenda a interrupção externa 1. A solicitação deste tratador deve

                       2     ;proporcionar a leitura de dado da porta P1. Ao final da leitura de 2 dados da porta P1 (UM

                       3     ;POR VEZ), o programa deve rotacionar um led apagado (todos acesos, a exceção de um) na

                       4     ;porta P2. O primeiro dado deve especificar a direção de rotação (0 - Esquerda / 1 - Direit
                             a).

                       5     ;O segundo dado deve especificar o número de casas a serem rotacionadas (Ex: 1,2,3..).

                       6     ;Após procedimento, voltar a aguardar novas solicitações de interrupção.

                       7     

                       8     

  0000                 9     reset equ 00h

  0013                10     ltint1 equ 13h ; local tratador

  0020                11     state equ 20h

                      12             

  00FE                13     ATRASO EQU 0FEH

  0022                14     VARIAVELATRASO EQU 22H

0000                  15                                     org reset ;PC=0 depois de reset

0000 8015             16                                     jmp inicio

0013                  17                                     org ltint1

0013 803B             18                                     jmp handler

0015 7CFE             19                                     MOV R4,#0FEH

0017                  20     inicio:

0017 75A884           21                                     mov ie,#10000100b ; habilita int 1

001A D288             22                                     setb it0 ; DEFINIE QUE A INTERRUPÇÕ VAI ACONTECER SÓ QUANDO
                              HOUVER BORDA 

001C 752000           23                                     mov state,#00h ;inicialização

001F 7820             24                                     mov r0,#state

0021 8C90             25                                     MOV P1,R4

0023 7F00             26                                     mov r7,#00h

                      27                                     

0025                  28     volta:

0025 B601FD           29                                     cjne @r0,#01h,volta

                      30                                     

                      31     ;PRIMEIRA INTERRUPÇÃO                           

                      32     ; VERIFICA O VALOR SETADO NA PORTA P2   E JOGA PARA R7

0028 1157             33                                     CALL VARREP2

                      34     

                      35     ;SEGUNDA INTERRUPÇÃO

                      36     ;VERIFICA P2 DEPOIS DA SEGUNDA INTERRUPÇÃO

                      37     

                      38     

002A                  39     volta2:

002A B602FD           40                                     cjne @r0,#02h,volta2

                      41                                     

002D E5A0             42                                     MOV A,P2

002F BF000E           43                                     CJNE R7,#00H,DIREITA

0032 1157             44                                     CALL VARREP2

                      45             

                      46     

                      47     

0034                  48     ESQUERDA:      

0034 7600             49                                     MOV @R0,#00H

0036 EC               50                                     MOV A,R4

0037                  51     ESQUERDA1:

0037 F590             52                                     MOV P1,A

0039 33               53                                     RLC A

003A DFFB             54                                     DJNZ R7,ESQUERDA1

003C AC90             55                                     MOV R4,P1

A51 MACRO ASSEMBLER  PROVA_DO_MOODLE                                                      04/19/2017 14:27:15 PAGE     2

003E 80D7             56                                     JMP inicio

                      57                                     

0040 1157             58     DIREITA:                CALL VARREP2

0042 7600             59                                     MOV @R0,#00H

0044 EC               60                                     MOV A,R4

0045                  61     DIREITA1:               

0045 F590             62                                     MOV P1,A

0047 13               63                     RRC A

0048 DFFB             64                                     DJNZ R7,DIREITA1 

004A AC90             65                                     MOV R4,P1

004C 80C9             66                                     JMP inicio

004E 80FE             67                                     jmp $

                      68                                             

0050 0520             69                                     handler: inc state

0052 32               70                                              reti

                      71     

0053 D522FD           72     DELAY:                  DJNZ VARIAVELATRASO,DELAY

0056 22               73                                     RET     

                      74                                     

0057 7D08             75     VARREP2:    MOV R5,#08H

                      76     

0059 E5A0             77                             MOV A,P2

005B F4               78                             CPL A

005C 33               79     VAI:            RLC A ;ROTACIONA O CONTEUDO DO ACUMULADOR PARA A ESQUERDA,ATRAVES DO CARRY

                      80                             ; OU SEJA DA O NUMERO DE CHAVES APERTADAS PARA O CARRY 

005D 5001             81                         JNC SALTA ; Desvia se o flag carry estiver em 0

005F 0F               82                         INC R7 ; INCREMENTA R7 QUE INICIALMENTE É 0 

                      83                             

0060 DDFA             84     SALTA:          DJNZ R5,VAI ; DECREMENTA R5, E SALTA SE NÃO É ZERO

0062 22               85                             RET

                      86     end

A51 MACRO ASSEMBLER  PROVA_DO_MOODLE                                                      04/19/2017 14:27:15 PAGE     3

SYMBOL TABLE LISTING
------ ----- -------


N A M E             T Y P E  V A L U E   ATTRIBUTES

ATRASO . . . . . .  N NUMB   00FEH   A   
DELAY. . . . . . .  C ADDR   0053H   A   
DIREITA. . . . . .  C ADDR   0040H   A   
DIREITA1 . . . . .  C ADDR   0045H   A   
ESQUERDA . . . . .  C ADDR   0034H   A   
ESQUERDA1. . . . .  C ADDR   0037H   A   
HANDLER. . . . . .  C ADDR   0050H   A   
IE . . . . . . . .  D ADDR   00A8H   A   
INICIO . . . . . .  C ADDR   0017H   A   
IT0. . . . . . . .  B ADDR   0088H.0 A   
LTINT1 . . . . . .  N NUMB   0013H   A   
P1 . . . . . . . .  D ADDR   0090H   A   
P2 . . . . . . . .  D ADDR   00A0H   A   
RESET. . . . . . .  N NUMB   0000H   A   
SALTA. . . . . . .  C ADDR   0060H   A   
STATE. . . . . . .  N NUMB   0020H   A   
VAI. . . . . . . .  C ADDR   005CH   A   
VARIAVELATRASO . .  N NUMB   0022H   A   
VARREP2. . . . . .  C ADDR   0057H   A   
VOLTA. . . . . . .  C ADDR   0025H   A   
VOLTA2 . . . . . .  C ADDR   002AH   A   


REGISTER BANK(S) USED: 0 


ASSEMBLY COMPLETE.  0 WARNING(S), 0 ERROR(S)
