A51 MACRO ASSEMBLER  LAB_3_3_CONTA_DECRESCENTE_COM_ATRASO_SUB_                            04/11/2017 18:05:39 PAGE     1


MACRO ASSEMBLER A51 V8.2.5.0
OBJECT MODULE PLACED IN .\Objects\LAB 3.3_CONTA_DECRESCENTE_COM_ATRASO_SUB_ROTINA.obj
ASSEMBLER INVOKED BY: C:\Keil_v5\C51\BIN\A51.EXE LAB 3.3_CONTA_DECRESCENTE_COM_ATRASO_SUB_ROTINA.asm SET(SMALL) DEBUG PR
                      INT(.\Listings\LAB 3.3_CONTA_DECRESCENTE_COM_ATRASO_SUB_ROTINA.lst) OBJECT(.\Objects\LAB 3.3_CONTA
                      _DECRESCENTE_COM_ATRASO_SUB_ROTINA.obj) EP

LOC  OBJ            LINE     SOURCE

                       1     ;Programa MOSTRA1.asm

  0087                 2     CS EQU P0.7

  00B3                 3     END0 EQU P3.3;

  00B4                 4     END1 EQU P3.4;

  00FE                 5     ATRASO EQU 0FEH

  0022                 6     VARIAVELATRASO EQU 22H

                       7     

0000                   8                                     ORG 0h

0000 C2B3              9                                     CLR END0

0002 C2B4             10                                     CLR END1

0004 C287             11                                     CLR CS

0006 7B0A             12                                     MOV R3,#0AH

0008                  13     VOLTA:          

0008 7401             14                                     MOV A,#01H

                      15     

000A                  16     CONTA:                  

000A F590             17                                     MOV P1,A

000C 1119             18                                     CALL CONVERTE

000E 7522FE           19                                     MOV VARIAVELATRASO,#ATRASO

                      20                                     

0011 DBF7             21                                     DJNZ R3,CONTA

                      22                                     

0013 80F3             23                                     JMP VOLTA

                      24                                     

0015 D522FD           25     DELAY:                  DJNZ VARIAVELATRASO,DELAY

0018 22               26                                     RET

                      27                                     

0019 23               28     CONVERTE:      RL A

001A 22               29                                     RET                             

001B 40792430         30     TABELA: DB 40H, 79H, 24H, 30H, 19H, 12H, 02H, 78H, 00H, 10H, 08H, 03H, 46H,21H, 06H, 0EH

001F 19120278                
0023 00100803                
0027 4621060E                
                      31     END

A51 MACRO ASSEMBLER  LAB_3_3_CONTA_DECRESCENTE_COM_ATRASO_SUB_                            04/11/2017 18:05:39 PAGE     2

SYMBOL TABLE LISTING
------ ----- -------


N A M E             T Y P E  V A L U E   ATTRIBUTES

ATRASO . . . . . .  N NUMB   00FEH   A   
CONTA. . . . . . .  C ADDR   000AH   A   
CONVERTE . . . . .  C ADDR   0019H   A   
CS . . . . . . . .  B ADDR   0080H.7 A   
DELAY. . . . . . .  C ADDR   0015H   A   
END0 . . . . . . .  B ADDR   00B0H.3 A   
END1 . . . . . . .  B ADDR   00B0H.4 A   
P0 . . . . . . . .  D ADDR   0080H   A   
P1 . . . . . . . .  D ADDR   0090H   A   
P3 . . . . . . . .  D ADDR   00B0H   A   
TABELA . . . . . .  C ADDR   001BH   A   
VARIAVELATRASO . .  N NUMB   0022H   A   
VOLTA. . . . . . .  C ADDR   0008H   A   


REGISTER BANK(S) USED: 0 


ASSEMBLY COMPLETE.  0 WARNING(S), 0 ERROR(S)
