A51 MACRO ASSEMBLER  LAB6_4_TOP                                                           06/24/2017 09:46:48 PAGE     1


MACRO ASSEMBLER A51 V8.2.5.0
OBJECT MODULE PLACED IN .\Objects\LAB6-4 TOP.obj
ASSEMBLER INVOKED BY: C:\Keil_v5\C51\BIN\A51.EXE LAB6-4 TOP.asm SET(SMALL) DEBUG PRINT(.\Listings\LAB6-4 TOP.lst) OBJECT
                      (.\Objects\LAB6-4 TOP.obj) EP

LOC  OBJ            LINE     SOURCE

  0000                 1     reset           equ   0h                                                                ;en
                             dereço do início do programa

  000B                 2     ltmr0           equ   0bh                                                               ;lo
                             cal do tratador de Itmr0

  001B                 3     Itmr1           equ       1bh                                                           ;lo
                             cal do tratador de Itmr1

  0020                 4     state       equ   20h                                                           ;endereço d
                             e variável de teste para tmr0

  0030                 5     state1          equ       30h                                                           ;en
                             dereço de variável de teste para tmr1                                

                       6     

0000                   7                         org   reset                                                         ;PC
                             =0 depois de reset

0000 8023              8                             jmp   inicio                                                    ;va
                             i para o início do programa

                       9                             

000B                  10                             org   ltmr0                                                        
                                  ;faz a leitura do endereço do tratador do tmr0

000B 758C5F           11                             mov   th0,  #05fh                                               ;re
                             carrega th0 com seu valor desejado #05fh

000E 758A5F           12                             mov   tl0,  #05fh                                               ;re
                             carrega tl0 com seu valor desejado #05fh

0011 0520             13                             inc       state                                                    
                                  ;seta a variável de teste para sair do ciclo

0013 32               14                             reti                                                               
                                  ;retorna ao programa

                      15                             

001B                  16                             org       Itmr1                                                    
                                  ;faz a leitura do endereço do tratador do tmr1

001B 758DE2           17                             mov       th1,#0e2h                                                
                                  ;recarrega th1 com o valor desejado #0e2h

001E 758B00           18                             mov       tl1,#00h                                                 
                                  ;recarrega tl1 com o valor desejado #00h

0021 753001           19                             mov       state1,#1                                                
                                  ;seta a variável de teste para sair do ciclo

0024 32               20                             reti                                                               
                                  ;retorna ao programa

                      21     

0025 75A88A           22     inicio:         mov             ie,#10001010b                                   ;habilita t
                             mr0 e tmr1 

0028 758902           23                             mov     tmod,#02h                               ;define modo 0 para
                              tmr1 e modo 2 para tmr0

002B 758DE2           24                             mov             th1,#0e2h                                          
                                  ;seta th1 no começo do programa

002E 758B00           25                             mov             tl1,#00h                                           
                                  ;seta tl1 para fazer a primeira contagem

0031 758C5F           26     inicio1:        mov     th0,#05fh                                               ;seta th0 n
                             o começo do programa

0034 758A5F           27                             mov     tl0,#05fh                                               ;se
                             ta tl0 para fazer a primeira contagem

                      28                                                     

                      29                             ;MODO 2 (timer 0): os valores de th0 e tl0 são definidos da seguint
                             e forma: deseja-se que a interrupção do timer0 seja

                      30                             ;a cada 640 ciclos de instrução. A interrupção é solicitada cada ve
                             z que tl0 atinge #0ffh, feito isso, tl0 é recarregado 

                      31                             ;com o valor definifo em th0. Desejamos 640 ciclos, porém #0ffh = #
                             255d, logo no ciclo é preciso fazer com que a variável

A51 MACRO ASSEMBLER  LAB6_4_TOP                                                           06/24/2017 09:46:48 PAGE     2

                      32                             ;de teste seja comparada com #4 e no tratador do timer, incrementa-
                             se a variável.#640d/4 = #160d, #255d - #160d = #95d = #5fh

                      33                             ;Atribui-se então th0 = tl0 = #5fh                      

                      34                                                     

                      35                             ;MODO 0 (timer1): os valores de th1 e tl1 são definidos da seguinte
                              forma: deseja-se que a interrupção do timer1 seja 

                      36                             ;a cada 960 ciclos de instrução. th1 aumenta cada vez que ocorre ov
                             erflow nos 5 lsb de tl1, o que é equivalente à ocorrência

                      37                             ;de 32 ciclos de instrução. Desejamos 960 ciclos, como 960/32 = 30,
                              é preciso que o th1 seja incrementado 30 vezes,

                      38                             ;(#ffh = #255d) então th1 = #255d-#29d = #226d = #0e2h = th1, começ
                             ando tl1=0.

                      39                             

0037 752000           40                             mov     state,#0h                                               ;de
                             fine variável de teste de timer0 como sendo 0

003A 7820             41                             mov     r0,#state                                               ;sa
                             lva o endereço da variável em r0

003C 753000           42                             mov             state1,#0h                                         
                                  ;define variável de teste de timer1 como sendo 1

003F 7930             43                             mov             r1,#state1                                         
                                  ;salva o endereço da variável em r1

0041 90006D           44                             mov     dptr,#tabela                                    ;salva no d
                             ptr o endereço das infos da tabela

0044 7A00             45                             mov     r2,#0                                                   ;r2
                              será usado como teste para saber se já foram os 16 caracteres

0046 7F08             46                             mov             r7,#00001000b                                   ;nú
                             mero para fazer xor com p2, quando chamar timer1

0048 D28C             47                             setb    tr0                                                        
                                  ;inicia a contagem timer0

004A D28E             48                             setb    tr1                                                        
                                  ;inicia a contagem timer1

                      49                             

004C B70102           50     volta:          cjne    @r1,#1,volta1                                   ;testa a variável d
                             e teste do timer 1

004F 8012             51                             jmp             setp2                                              
                                  ;state = #1, pula para setp2, onde vai alterar a porta p2.3

0051 B604F8           52     volta1:         cjne    @r0,#4,volta                                    ;fica preso até aca
                             bar a contagem e chamar a interrupção

                      53     

0054 752000           54                             mov     state,#0h                                               ;re
                             cupera valor de state

0057 EA               55                             mov     a,r2                                                    ;de
                             fine qual o caracter a ser jogado em p1

0058 93               56                             movc    a,@a+dptr                                               ;sa
                             lva em A o valor do caracter da vez

0059 F590             57                             mov     p1,a                                                    ;jo
                             ga em p1

005B 0A               58                             inc     r2                                                         
                                  ;incrementa r1 para que da próxima busque-se o caracter seguinte

005C BA10ED           59                             cjne    r2,#16,volta                                    ;testa se j
                             á não foram os 16 caracteres

005F 7A00             60                             mov             r2,#0                                              
                                  ;reseta r2 para voltar ao ciclo

0061 80E9             61                             jmp     volta                                                   ;e 
                             reseta os dados do timer 0

                      62                             

0063 753000           63     setp2:          mov             state1,#0h                                              ;ze
                             ra variável de teste

0066 E5A0             64                             mov             a,p2                                               
                                  ;joga no acumulador o valor de p2

0068 6F               65                             xrl             a,r7                                               
                                  ;xor com r7 para mudar o byte que estiver na porta p2.3

0069 F5A0             66                             mov             p2,a                                               
                                  ;joga de volta para p2

006B 80DF             67                             jmp             volta                                              
                                  ;volta para o ciclo

A51 MACRO ASSEMBLER  LAB6_4_TOP                                                           06/24/2017 09:46:48 PAGE     3

                      68                             

006D 4D696372         69     tabela:         db 'Microcontrolador'                                   ;caracteres a serem
                              jogados em p1

0071 6F636F6E                
0075 74726F6C                
0079 61646F72                
                      70     

                      71                             end

A51 MACRO ASSEMBLER  LAB6_4_TOP                                                           06/24/2017 09:46:48 PAGE     4

SYMBOL TABLE LISTING
------ ----- -------


N A M E             T Y P E  V A L U E   ATTRIBUTES

IE . . . . . . . .  D ADDR   00A8H   A   
INICIO . . . . . .  C ADDR   0025H   A   
INICIO1. . . . . .  C ADDR   0031H   A   
ITMR1. . . . . . .  N NUMB   001BH   A   
LTMR0. . . . . . .  N NUMB   000BH   A   
P1 . . . . . . . .  D ADDR   0090H   A   
P2 . . . . . . . .  D ADDR   00A0H   A   
RESET. . . . . . .  N NUMB   0000H   A   
SETP2. . . . . . .  C ADDR   0063H   A   
STATE. . . . . . .  N NUMB   0020H   A   
STATE1 . . . . . .  N NUMB   0030H   A   
TABELA . . . . . .  C ADDR   006DH   A   
TH0. . . . . . . .  D ADDR   008CH   A   
TH1. . . . . . . .  D ADDR   008DH   A   
TL0. . . . . . . .  D ADDR   008AH   A   
TL1. . . . . . . .  D ADDR   008BH   A   
TMOD . . . . . . .  D ADDR   0089H   A   
TR0. . . . . . . .  B ADDR   0088H.4 A   
TR1. . . . . . . .  B ADDR   0088H.6 A   
VOLTA. . . . . . .  C ADDR   004CH   A   
VOLTA1 . . . . . .  C ADDR   0051H   A   


REGISTER BANK(S) USED: 0 


ASSEMBLY COMPLETE.  0 WARNING(S), 0 ERROR(S)
