A51 MACRO ASSEMBLER  LAB_2_3_COD_ADDC__EXCEDE_FF                                          04/04/2017 17:09:43 PAGE     1


MACRO ASSEMBLER A51 V8.2.5.0
OBJECT MODULE PLACED IN .\Objects\LAB 2.3_COD_ADDC_ EXCEDE_FF.obj
ASSEMBLER INVOKED BY: C:\Keil_v5\C51\BIN\A51.EXE LAB 2.3_COD_ADDC_ EXCEDE_FF.asm SET(SMALL) DEBUG PRINT(.\Listings\LAB 2
                      .3_COD_ADDC_ EXCEDE_FF.lst) OBJECT(.\Objects\LAB 2.3_COD_ADDC_ EXCEDE_FF.obj) EP

LOC  OBJ            LINE     SOURCE

                       1     ;Programa ADDVECT.asm

  0000                 2     RESET                   EQU 0H

  0060                 3     VETOR                   EQU 60H

0000                   4                                     ORG RESET ; PC = 0000H ao se resetar o 8051

0000 900060            5                                     MOV DPTR,#NRO ; endereco nro parcelas a ser somado

0003 7400              6                                     MOV A,#0

0005 93                7                                     MOVC A,@A+DPTR

0006 FB                8                                     MOV R3,A ; R3 = nro parcelas a ser somado

0007 900061            9                                     MOV DPTR,#DADOS ; end. vetor de dados a ser somado

000A 7A00             10                                     MOV R2,#0 ; guarda resultado das somas realizadas

000C 7800             11                                     MOV R0,#0 ; especifica parcela a ser lida do vetor de dados

000E 7900             12                                     MOV R1,#0 ;LIMPA O R1 PARA SER USADO PARA GUARDAR O FLAG CA
                             RRY, BIT MAIS SIGNIFICATIVO 

0010 E8               13     VOLTA:                  MOV A,R0

0011 93               14                                     MOVC A,@A+DPTR ; le parcela

0012 2A               15                                     ADD A,R2

0013 FA               16                                     MOV R2,A ; GUARDA A SOMA EM R2

                      17                                     

0014 7400             18                                     MOV A,#0 ; LIMPA O ACUMULADOR PARA PODER RECEBER O FLAG CAR
                             RY   

0016 3B               19                                     ADDC A,R3  ; ADDC-> SOMA-SE AO CONTEUDO DO ACUMULADOR O CON
                             TEUDO DO FLAG CARRY E O CONTEUDO DO REGISTRADOR ESCOLHIDO 

0017 75A000           20                                     MOV P2,#00H ; ATIVA A PORTA P2 COM O BITS MAIS SIGNIFIG PAR
                             A FAZER CONTATO COM MEMÓRIA EXTERNA          

001A 7900             21                                     MOV R1,#00H  ; R1 OU R0, SÃO USADOS PARA FAZER CONTATO COM 
                             A MEMÓRIA EXTERNA, NO CASO O R1 RECEBE O BIT MAIS SIGN.

001C F3               22                                     MOVX @R1,A  ; MOVE O CONTEUDO DO ACUMULADOR PARA A MEMORIA 
                             EXTERNA ENDEREÇADA POR P2 E  R1

                      23                                     

001D 08               24                                     INC R0

001E DBF0             25                                     DJNZ R3,VOLTA

                      26                                     

                      27                                     

0020 80FE             28     FIM:                    JMP FIM

0060                  29                                     ORG VETOR

0060 15               30     NRO:                    DB 15H

0061 01030506         31     DADOS:                  DB 01H,03H,05H,06H,0AH,0E2H,01H,03H,05H,06H,0AH,0E2H,0E2H,0E2H,0E2H
                                  

0065 0AE20103                
0069 05060AE2                
006D E2E2E2                  
                      32     END

A51 MACRO ASSEMBLER  LAB_2_3_COD_ADDC__EXCEDE_FF                                          04/04/2017 17:09:43 PAGE     2

SYMBOL TABLE LISTING
------ ----- -------


N A M E             T Y P E  V A L U E   ATTRIBUTES

DADOS. . . . . . .  C ADDR   0061H   A   
FIM. . . . . . . .  C ADDR   0020H   A   
NRO. . . . . . . .  C ADDR   0060H   A   
P2 . . . . . . . .  D ADDR   00A0H   A   
RESET. . . . . . .  N NUMB   0000H   A   
VETOR. . . . . . .  N NUMB   0060H   A   
VOLTA. . . . . . .  C ADDR   0010H   A   


REGISTER BANK(S) USED: 0 


ASSEMBLY COMPLETE.  0 WARNING(S), 0 ERROR(S)
