A51 MACRO ASSEMBLER  LAB_2_1_RESULTADO_SALVO_NA_MEM_RIA_EXTERN                            04/03/2017 15:38:59 PAGE     1


MACRO ASSEMBLER A51 V8.2.5.0
OBJECT MODULE PLACED IN .\Objects\LAB 2.1 RESULTADO SALVO NA MEMÓRIA EXTERNA.obj
ASSEMBLER INVOKED BY: C:\Keil_v5\C51\BIN\A51.EXE LAB 2.1 RESULTADO SALVO NA MEMÓRIA EXTERNA.asm SET(SMALL) DEBUG PRINT(.
                      \Listings\LAB 2.1 RESULTADO SALVO NA MEMÓRIA EXTERNA.lst) OBJECT(.\Objects\LAB 2.1 RESULTADO SALVO
                       NA MEMÓRIA EXTERNA.obj) EP

LOC  OBJ            LINE     SOURCE

                       1     ;Programa ADDVECT.asm

  0000                 2     RESET                   EQU 0H  ; INICIA O PROGRAMA NA POSIÇÃO ZERO DA MEMÓRIA 

  0060                 3     VETOR                   EQU 60H  ; INICIA O VETOR NA POSIÇÃO 60H DA MEMORIA RAM

0000                   4                                     ORG RESET ; PC = 0000H ao se resetar o 8051

0000 900060            5                                     MOV DPTR,#NRO ; endereco nro parcelas a ser somado

0003 7400              6                                     MOV A,#0

0005 93                7                                     MOVC A,@A+DPTR

0006 F9                8                                     MOV R1,A ; R1 = nro parcelas a ser somado

0007 900061            9                                     MOV DPTR,#DADOS ; end. vetor de dados a ser somado

000A 7A00             10                                     MOV R2,#0 ; guarda resultado das somas realizadas

000C 7800             11                                     MOV R0,#0 ; especifica parcela a ser lida do vetor de dados

000E E8               12     VOLTA:                  MOV A,R0

000F 93               13                                     MOVC A,@A+DPTR ; le parcela

0010 2A               14                                     ADD A,R2

0011 FA               15                                     MOV R2,A

0012 08               16                                     INC R0

0013 D9F9             17                                     DJNZ R1,VOLTA ; SE R1 =! ZERO, DECREMENTA R1 E EXECUTA "VOL
                             TA", SE R1==0 CONTINUA A EXECUÇÃO DO PROGRAMA E NÃO EXECUTA "VOLTA"

                      18                                             

                      19                             ; MOVX -> MOVER PARA MEMÓRIA EXTERNA USANDO DPTR ( POR QUE É UM REG
                             ISTRADOR  DE 16 BITS) 

0015 900001           20                                     MOV DPTR,#0001H  

0018 F0               21                                     MOVX @DPTR,A

                      22     

                      23     

0019 80FE             24     FIM:                    JMP FIM

0060                  25                                     ORG VETOR

0060 03               26     NRO:                    DB 03H

0061 01030506         27     DADOS:                  DB 01H,03H,05H,06H,0AH,0E2H

0065 0AE2                    
                      28                                     END

A51 MACRO ASSEMBLER  LAB_2_1_RESULTADO_SALVO_NA_MEM_RIA_EXTERN                            04/03/2017 15:38:59 PAGE     2

SYMBOL TABLE LISTING
------ ----- -------


N A M E             T Y P E  V A L U E   ATTRIBUTES

DADOS. . . . . . .  C ADDR   0061H   A   
FIM. . . . . . . .  C ADDR   0019H   A   
NRO. . . . . . . .  C ADDR   0060H   A   
RESET. . . . . . .  N NUMB   0000H   A   
VETOR. . . . . . .  N NUMB   0060H   A   
VOLTA. . . . . . .  C ADDR   000EH   A   


REGISTER BANK(S) USED: 0 


ASSEMBLY COMPLETE.  0 WARNING(S), 0 ERROR(S)
