A51 MACRO ASSEMBLER  LAB_3_3_CONTA_DECRESCENTE_COM_ATRASO_SUB_                            04/11/2017 10:18:45 PAGE     1


MACRO ASSEMBLER A51 V8.2.5.0
OBJECT MODULE PLACED IN .\Objects\LAB 3.3_CONTA_DECRESCENTE_COM_ATRASO_SUB_ROTINA.obj
ASSEMBLER INVOKED BY: C:\Keil_v5\C51\BIN\A51.EXE LAB 3.3_CONTA_DECRESCENTE_COM_ATRASO_SUB_ROTINA.asm SET(SMALL) DEBUG PR
                      INT(.\Listings\LAB 3.3_CONTA_DECRESCENTE_COM_ATRASO_SUB_ROTINA.lst) OBJECT(.\Objects\LAB 3.3_CONTA
                      _DECRESCENTE_COM_ATRASO_SUB_ROTINA.obj) EP

LOC  OBJ            LINE     SOURCE

                       1     ;Programa MOSTRA1.asm

  0087                 2     CS EQU P0.7

  00B3                 3     END0 EQU P3.3;

  00B4                 4     END1 EQU P3.4;

  00FE                 5     ATRASO EQU 0FEH

                       6     

0000                   7                                     ORG 0h

0000 C2B3              8                                     CLR END0

0002 C2B4              9                                     CLR END1

0004 D287             10                                     SETB CS

0006                  11     VOLTA:          

0006 7B0A             12                                     MOV R3,#0AH

                      13     

0008 EB               14     CONTA:                  MOV A,R3

0009 1117             15                                     CALL CONVERTE

000B F590             16                                     MOV P1,A

000D 74FE             17                                     MOV A,#ATRASO

                      18                                     

000F DBF7             19                                     DJNZ R3,CONTA

                      20                                     

0011 80F3             21                                     JMP VOLTA

                      22                                     

0013 D5E0FD           23     DELAY:                  DJNZ ACC,DELAY

0016 22               24                                     RET

                      25                                     

0017                  26     CONVERTE:

0017 83               27                                     MOVC A,@A+PC

0018 22               28                                     RET                             

0019 40792430         29     TABELA: DB 40H, 79H, 24H, 30H, 19H, 12H, 02H, 78H, 00H, 10H, 08H, 03H, 46H,21H, 06H, 0EH

001D 19120278                
0021 00100803                
0025 4621060E                
                      30     END

A51 MACRO ASSEMBLER  LAB_3_3_CONTA_DECRESCENTE_COM_ATRASO_SUB_                            04/11/2017 10:18:45 PAGE     2

SYMBOL TABLE LISTING
------ ----- -------


N A M E             T Y P E  V A L U E   ATTRIBUTES

ACC. . . . . . . .  D ADDR   00E0H   A   
ATRASO . . . . . .  N NUMB   00FEH   A   
CONTA. . . . . . .  C ADDR   0008H   A   
CONVERTE . . . . .  C ADDR   0017H   A   
CS . . . . . . . .  B ADDR   0080H.7 A   
DELAY. . . . . . .  C ADDR   0013H   A   
END0 . . . . . . .  B ADDR   00B0H.3 A   
END1 . . . . . . .  B ADDR   00B0H.4 A   
P0 . . . . . . . .  D ADDR   0080H   A   
P1 . . . . . . . .  D ADDR   0090H   A   
P3 . . . . . . . .  D ADDR   00B0H   A   
TABELA . . . . . .  C ADDR   0019H   A   
VOLTA. . . . . . .  C ADDR   0006H   A   


REGISTER BANK(S) USED: 0 


ASSEMBLY COMPLETE.  0 WARNING(S), 0 ERROR(S)
