A51 MACRO ASSEMBLER  LAB_2_4_PROG_ESCREVE_NUM_EM_POSI_OES_DETE                            04/04/2017 17:29:39 PAGE     1


MACRO ASSEMBLER A51 V8.2.5.0
OBJECT MODULE PLACED IN .\Objects\LAB 2.4_PROG_ESCREVE_NUM_EM_POSIÇOES_DETERMINADAS_MEMORIA_INTER_E_EXTERNA.obj
ASSEMBLER INVOKED BY: C:\Keil_v5\C51\BIN\A51.EXE LAB 2.4_PROG_ESCREVE_NUM_EM_POSIÇOES_DETERMINADAS_MEMORIA_INTER_E_EXTER
                      NA.ASM SET(SMALL) DEBUG PRINT(.\Listings\LAB 2.4_PROG_ESCREVE_NUM_EM_POSIÇOES_DETERMINADAS_MEMORIA
                      _INTER_E_EXTERNA.lst) OBJECT(.\Objects\LAB 2.4_PROG_ESCREVE_NUM_EM_POSIÇOES_DETERMINADAS_MEMORIA_INTER_E_EXTERNA.obj) EP

LOC  OBJ            LINE     SOURCE

                       1     ;Programa ADDVECT.asm

  0000                 2     RESET                   EQU 0H

0000                   3                                     ORG RESET ; PC = 0000H ao se resetar o 8051

                       4                                     

0000 7400              5                                     MOV A,#00H

                       6                                     

0002 75A022            7                                     MOV P2,#22H

0005 7800              8                                     MOV R0,#00H

0007 7950              9                                     MOV R1,#50H

                      10                                     

0009 04               11     VOLTA:                  INC A

000A 09               12                                     INC R1

000B 08               13                                     INC R0

000C F2               14                                     MOVX @R0,A

000D F7               15                                     MOV @R1,A

000E B405F8           16                                     CJNE A,#05H,VOLTA

0011 80FE             17                                     JMP $

                      18                                     

                      19     END

A51 MACRO ASSEMBLER  LAB_2_4_PROG_ESCREVE_NUM_EM_POSI_OES_DETE                            04/04/2017 17:29:39 PAGE     2

SYMBOL TABLE LISTING
------ ----- -------


N A M E             T Y P E  V A L U E   ATTRIBUTES

P2 . . . . . . . .  D ADDR   00A0H   A   
RESET. . . . . . .  N NUMB   0000H   A   
VOLTA. . . . . . .  C ADDR   0009H   A   


REGISTER BANK(S) USED: 0 


ASSEMBLY COMPLETE.  0 WARNING(S), 0 ERROR(S)
