A51 MACRO ASSEMBLER  LAB_3_2_                                                             04/09/2017 18:43:21 PAGE     1


MACRO ASSEMBLER A51 V8.2.5.0
OBJECT MODULE PLACED IN .\Objects\LAB 3.2_.obj
ASSEMBLER INVOKED BY: C:\Keil_v5\C51\BIN\A51.EXE LAB 3.2_.asm SET(SMALL) DEBUG PRINT(.\Listings\LAB 3.2_.lst) OBJECT(.\O
                      bjects\LAB 3.2_.obj) EP

LOC  OBJ            LINE     SOURCE

                       1     

  0087                 2     CS                      EQU P0.7

  00B3                 3     END0            EQU P3.3;

  00B4                 4     END1            EQU P3.4;

                       5                             

0000                   6                             ORG 0h

0000 D2B3              7                             SETB END0 ; passa a porta P3.3 PARA 1

0002 C2B4              8                             CLR END1   ;  PASSA A PORTA P3.4 PARA ZERO

                       9                             ; COM AS DUAS FUNÇÕES A CIMA TEMOS O SEGUNDO DISPLAY DE 7 SEG LIGAD
                             O 

                      10                             

0004 D287             11                             SETB CS ; LIGA O FLIPFLOP QUE LIGA OS DISPLAYS 

                      12                             

0006 7F00             13     VOLTA:  MOV R7,#0

0008 7D08             14                     MOV R5,#8

000A E5A0             15                     MOV A,P2 ; ACUMULADOR RECEBE O QUE ESTA SETADO NAS CHAVES -- UM NUMERO QUE 
                             VAI AJUDAR A SABER QUANTAS CHAVES ESTAO LEVANTADAS 

000C F4               16                     CPL A     ; INVERTE OS BITS DE A, JA QUE P2 MANDA BITS INVERTIDOS          
                                  

                      17             

000D 33               18     VAI:    RLC A ;ROTACIONA O CONTEUDO DO ACUMULADOR PARA A ESQUERDA, ATRAVEZ DO CARRY 

000E 5001             19                     JNC SALTA ; Desvia se o flag carry estiver em 0

0010 0F               20                     INC R7 ; INCREMENTA R7 QUE INICIALMENTE É 0     

                      21                             

0011 DDFA             22     SALTA:  DJNZ R5,VAI ; DECREMENTA R5, E SALTA SE NÃO É ZERO

0013 EF               23                             MOV A,R7

0014 111A             24                             CALL CONVERTE

0016 F590             25                             MOV P1,A

0018 80EC             26                             JMP VOLTA

001A 04               27     CONVERTE:       INC A

001B 83               28                             MOVC A,@A+PC

001C 22               29                             RET

001D 40792430         30     TABELA:         DB 40H, 79H, 24H, 30H, 19H, 12H, 02H, 78H, 00H, 10H, 08H, 03H, 46H,21H, 06H
                             , 0EH

0021 19120278                
0025 00100803                
0029 4621060E                
                      31                             END

A51 MACRO ASSEMBLER  LAB_3_2_                                                             04/09/2017 18:43:21 PAGE     2

SYMBOL TABLE LISTING
------ ----- -------


N A M E             T Y P E  V A L U E   ATTRIBUTES

CONVERTE . . . . .  C ADDR   001AH   A   
CS . . . . . . . .  B ADDR   0080H.7 A   
END0 . . . . . . .  B ADDR   00B0H.3 A   
END1 . . . . . . .  B ADDR   00B0H.4 A   
P0 . . . . . . . .  D ADDR   0080H   A   
P1 . . . . . . . .  D ADDR   0090H   A   
P2 . . . . . . . .  D ADDR   00A0H   A   
P3 . . . . . . . .  D ADDR   00B0H   A   
SALTA. . . . . . .  C ADDR   0011H   A   
TABELA . . . . . .  C ADDR   001DH   A   
VAI. . . . . . . .  C ADDR   000DH   A   
VOLTA. . . . . . .  C ADDR   0006H   A   


REGISTER BANK(S) USED: 0 


ASSEMBLY COMPLETE.  0 WARNING(S), 0 ERROR(S)
